#
# There is insufficient memory for the Java Runtime Environment to continue.
# Native memory allocation (malloc) failed to allocate 609616 bytes for Chunk::new
# Possible reasons:
#   The system is out of physical RAM or swap space
#   The process is running with CompressedOops enabled, and the Java Heap may be blocking the growth of the native heap
# Possible solutions:
#   Reduce memory load on the system
#   Increase physical memory or swap space
#   Check if swap backing store is full
#   Decrease Java heap size (-Xmx/-Xms)
#   Decrease number of Java threads
#   Decrease Java thread stack sizes (-Xss)
#   Set larger code cache with -XX:ReservedCodeCacheSize=
#   JVM is running with Zero Based Compressed Oops mode in which the Java heap is
#     placed in the first 32GB address space. The Java Heap base address is the
#     maximum limit for the native heap growth. Please use -XX:HeapBaseMinAddress
#     to set the Java Heap base and to place the Java Heap above 32GB virtual address.
# This output file may be truncated or incomplete.
#
#  Out of Memory Error (arena.cpp:189), pid=2124, tid=9196
#
# JRE version: Java(TM) SE Runtime Environment (17.0.12+8) (build 17.0.12+8-LTS-286)
# Java VM: Java HotSpot(TM) 64-Bit Server VM (17.0.12+8-LTS-286, mixed mode, sharing, tiered, compressed oops, compressed class ptrs, g1 gc, windows-amd64)
# No core dump will be written. Minidumps are not enabled by default on client versions of Windows
#

---------------  S U M M A R Y ------------

Command Line: --enable-native-access=ALL-UNNAMED -Dclassworlds.conf=C:\maven\apache-maven-3.9.12\bin\m2.conf -Dmaven.home=C:\maven\apache-maven-3.9.12 -Dlibrary.jansi.path=C:\maven\apache-maven-3.9.12\lib\jansi-native -Dmaven.multiModuleProjectDirectory=D:\try\book-store-service-task\app org.codehaus.plexus.classworlds.launcher.Launcher test-compile

Host: 12th Gen Intel(R) Core(TM) i5-12450H, 12 cores, 15G,  Windows 11 , 64 bit Build 26100 (10.0.26100.7623)
Time: Thu Feb  5 14:34:30 2026 FLE Standard Time elapsed time: 17.444303 seconds (0d 0h 0m 17s)

---------------  T H R E A D  ---------------

Current thread (0x00000218515f84c0):  JavaThread "C2 CompilerThread1" daemon [_thread_in_native, id=9196, stack(0x000000b145800000,0x000000b145900000)]


Current CompileTask:
C2:  17444 3438       4       org.codehaus.plexus.util.xml.pull.MXParser::nextImpl (1208 bytes)

Stack: [0x000000b145800000,0x000000b145900000]
Native frames: (J=compiled Java code, j=interpreted, Vv=VM code, C=native code)
V  [jvm.dll+0x67a04a]
V  [jvm.dll+0x7da4ed]
V  [jvm.dll+0x7dbe33]
V  [jvm.dll+0x7dc4a3]
V  [jvm.dll+0x24508f]
V  [jvm.dll+0xab773]
V  [jvm.dll+0xabd3c]
V  [jvm.dll+0x361b9f]
V  [jvm.dll+0x32c431]
V  [jvm.dll+0x32b8ca]
V  [jvm.dll+0x21683f]
V  [jvm.dll+0x215c6f]
V  [jvm.dll+0x1a2960]
V  [jvm.dll+0x22610b]
V  [jvm.dll+0x2242ab]
V  [jvm.dll+0x79075c]
V  [jvm.dll+0x78abea]
V  [jvm.dll+0x678f35]
C  [ucrtbase.dll+0x37b0]
C  [KERNEL32.DLL+0x2e8d7]
C  [ntdll.dll+0x8c53c]


---------------  P R O C E S S  ---------------

Threads class SMR info:
_java_thread_list=0x0000021850745130, length=14, elements={
0x0000021865640db0, 0x000002180a692370, 0x000002180a692f30, 0x000002180a7be7e0,
0x000002180a7bf0b0, 0x000002180a7bf980, 0x000002180a7c1260, 0x000002180a7c2270,
0x000002180a7c2c30, 0x000002180a7c3540, 0x000002180a902f40, 0x000002180a936750,
0x000002180a85a0f0, 0x00000218515f84c0
}

Java Threads: ( => current thread )
  0x0000021865640db0 JavaThread "main" [_thread_in_native, id=36636, stack(0x000000b143c00000,0x000000b143d00000)]
  0x000002180a692370 JavaThread "Reference Handler" daemon [_thread_blocked, id=37192, stack(0x000000b144300000,0x000000b144400000)]
  0x000002180a692f30 JavaThread "Finalizer" daemon [_thread_blocked, id=22524, stack(0x000000b144400000,0x000000b144500000)]
  0x000002180a7be7e0 JavaThread "Signal Dispatcher" daemon [_thread_blocked, id=22496, stack(0x000000b144500000,0x000000b144600000)]
  0x000002180a7bf0b0 JavaThread "Attach Listener" daemon [_thread_blocked, id=27616, stack(0x000000b144600000,0x000000b144700000)]
  0x000002180a7bf980 JavaThread "Service Thread" daemon [_thread_blocked, id=9388, stack(0x000000b144700000,0x000000b144800000)]
  0x000002180a7c1260 JavaThread "Monitor Deflation Thread" daemon [_thread_blocked, id=15356, stack(0x000000b144800000,0x000000b144900000)]
  0x000002180a7c2270 JavaThread "C2 CompilerThread0" daemon [_thread_in_native, id=22732, stack(0x000000b144900000,0x000000b144a00000)]
  0x000002180a7c2c30 JavaThread "C1 CompilerThread0" daemon [_thread_blocked, id=19988, stack(0x000000b144a00000,0x000000b144b00000)]
  0x000002180a7c3540 JavaThread "Sweeper thread" daemon [_thread_blocked, id=34184, stack(0x000000b144b00000,0x000000b144c00000)]
  0x000002180a902f40 JavaThread "Notification Thread" daemon [_thread_blocked, id=37720, stack(0x000000b144c00000,0x000000b144d00000)]
  0x000002180a936750 JavaThread "Common-Cleaner" daemon [_thread_blocked, id=34200, stack(0x000000b144e00000,0x000000b144f00000)]
  0x000002180a85a0f0 JavaThread "Thread-1" daemon [_thread_blocked, id=20952, stack(0x000000b145700000,0x000000b145800000)]
=>0x00000218515f84c0 JavaThread "C2 CompilerThread1" daemon [_thread_in_native, id=9196, stack(0x000000b145800000,0x000000b145900000)]

Other Threads:
  0x000002180a68e8d0 VMThread "VM Thread" [stack: 0x000000b144200000,0x000000b144300000] [id=22316]
  0x000002180a92e090 WatcherThread [stack: 0x000000b144d00000,0x000000b144e00000] [id=20696]
  0x00000218656aca10 GCTaskThread "GC Thread#0" [stack: 0x000000b143d00000,0x000000b143e00000] [id=37260]
  0x000002180a94df70 GCTaskThread "GC Thread#1" [stack: 0x000000b145100000,0x000000b145200000] [id=13680]
  0x000002180a94d730 GCTaskThread "GC Thread#2" [stack: 0x000000b145200000,0x000000b145300000] [id=37352]
  0x000002180a94e4f0 GCTaskThread "GC Thread#3" [stack: 0x000000b145300000,0x000000b145400000] [id=27660]
  0x000002180a94ea70 GCTaskThread "GC Thread#4" [stack: 0x000000b145400000,0x000000b145500000] [id=1656]
  0x000002180a94d1b0 GCTaskThread "GC Thread#5" [stack: 0x000000b145500000,0x000000b145600000] [id=34728]
  0x000002180a94e7b0 GCTaskThread "GC Thread#6" [stack: 0x000000b145600000,0x000000b145700000] [id=4228]
  0x000002180a94ed30 GCTaskThread "GC Thread#7" [stack: 0x000000b144f00000,0x000000b145000000] [id=36692]
  0x000002180a94d470 GCTaskThread "GC Thread#8" [stack: 0x000000b145000000,0x000000b145100000] [id=19420]
  0x00000218656be3b0 ConcurrentGCThread "G1 Main Marker" [stack: 0x000000b143e00000,0x000000b143f00000] [id=24300]
  0x00000218656bff30 ConcurrentGCThread "G1 Conc#0" [stack: 0x000000b143f00000,0x000000b144000000] [id=27876]
  0x000002180a5479d0 ConcurrentGCThread "G1 Refine#0" [stack: 0x000000b144000000,0x000000b144100000] [id=33956]
  0x000002180a5483c0 ConcurrentGCThread "G1 Service" [stack: 0x000000b144100000,0x000000b144200000] [id=22248]

Threads with active compile tasks:
C2 CompilerThread0    17519 3471       4       org.codehaus.plexus.util.xml.Xpp3Dom::<init> (125 bytes)
C2 CompilerThread1    17519 3438       4       org.codehaus.plexus.util.xml.pull.MXParser::nextImpl (1208 bytes)

VM state: not at safepoint (normal execution)

VM Mutex/Monitor currently owned by a thread: None

Heap address: 0x0000000705c00000, size: 4004 MB, Compressed Oops mode: Zero based, Oop shift amount: 3

CDS archive(s) mapped at: [0x000002180b000000-0x000002180bbd0000-0x000002180bbd0000), size 12386304, SharedBaseAddress: 0x000002180b000000, ArchiveRelocationMode: 1.
Compressed class space mapped at: 0x000002180c000000-0x000002184c000000, reserved size: 1073741824
Narrow klass base: 0x000002180b000000, Narrow klass shift: 0, Narrow klass range: 0x100000000

GC Precious Log:
 CPUs: 12 total, 12 available
 Memory: 16010M
 Large Page Support: Disabled
 NUMA Support: Disabled
 Compressed Oops: Enabled (Zero based)
 Heap Region Size: 2M
 Heap Min Capacity: 8M
 Heap Initial Capacity: 252M
 Heap Max Capacity: 4004M
 Pre-touch: Disabled
 Parallel Workers: 10
 Concurrent Workers: 3
 Concurrent Refinement Workers: 10
 Periodic GC: Disabled

Heap:
 garbage-first heap   total 258048K, used 62557K [0x0000000705c00000, 0x0000000800000000)
  region size 2048K, 30 young (61440K), 1 survivors (2048K)
 Metaspace       used 15206K, committed 15424K, reserved 1114112K
  class space    used 1831K, committed 1920K, reserved 1048576K

Heap Regions: E=young(eden), S=young(survivor), O=old, HS=humongous(starts), HC=humongous(continues), CS=collection set, F=free, OA=open archive, CA=closed archive, TAMS=top-at-mark-start (previous, next)
|   0|0x0000000705c00000, 0x0000000705e00000, 0x0000000705e00000|100%| O|  |TAMS 0x0000000705c00000, 0x0000000705c00000| Untracked 
|   1|0x0000000705e00000, 0x0000000705f67c00, 0x0000000706000000| 70%| O|  |TAMS 0x0000000705e00000, 0x0000000705e00000| Untracked 
|   2|0x0000000706000000, 0x0000000706000000, 0x0000000706200000|  0%| F|  |TAMS 0x0000000706000000, 0x0000000706000000| Untracked 
|   3|0x0000000706200000, 0x0000000706200000, 0x0000000706400000|  0%| F|  |TAMS 0x0000000706200000, 0x0000000706200000| Untracked 
|   4|0x0000000706400000, 0x0000000706400000, 0x0000000706600000|  0%| F|  |TAMS 0x0000000706400000, 0x0000000706400000| Untracked 
|   5|0x0000000706600000, 0x0000000706600000, 0x0000000706800000|  0%| F|  |TAMS 0x0000000706600000, 0x0000000706600000| Untracked 
|   6|0x0000000706800000, 0x0000000706800000, 0x0000000706a00000|  0%| F|  |TAMS 0x0000000706800000, 0x0000000706800000| Untracked 
|   7|0x0000000706a00000, 0x0000000706a00000, 0x0000000706c00000|  0%| F|  |TAMS 0x0000000706a00000, 0x0000000706a00000| Untracked 
|   8|0x0000000706c00000, 0x0000000706c00000, 0x0000000706e00000|  0%| F|  |TAMS 0x0000000706c00000, 0x0000000706c00000| Untracked 
|   9|0x0000000706e00000, 0x0000000706e00000, 0x0000000707000000|  0%| F|  |TAMS 0x0000000706e00000, 0x0000000706e00000| Untracked 
|  10|0x0000000707000000, 0x0000000707000000, 0x0000000707200000|  0%| F|  |TAMS 0x0000000707000000, 0x0000000707000000| Untracked 
|  11|0x0000000707200000, 0x0000000707200000, 0x0000000707400000|  0%| F|  |TAMS 0x0000000707200000, 0x0000000707200000| Untracked 
|  12|0x0000000707400000, 0x0000000707400000, 0x0000000707600000|  0%| F|  |TAMS 0x0000000707400000, 0x0000000707400000| Untracked 
|  13|0x0000000707600000, 0x0000000707600000, 0x0000000707800000|  0%| F|  |TAMS 0x0000000707600000, 0x0000000707600000| Untracked 
|  14|0x0000000707800000, 0x0000000707800000, 0x0000000707a00000|  0%| F|  |TAMS 0x0000000707800000, 0x0000000707800000| Untracked 
|  15|0x0000000707a00000, 0x0000000707a00000, 0x0000000707c00000|  0%| F|  |TAMS 0x0000000707a00000, 0x0000000707a00000| Untracked 
|  16|0x0000000707c00000, 0x0000000707c00000, 0x0000000707e00000|  0%| F|  |TAMS 0x0000000707c00000, 0x0000000707c00000| Untracked 
|  17|0x0000000707e00000, 0x0000000707e00000, 0x0000000708000000|  0%| F|  |TAMS 0x0000000707e00000, 0x0000000707e00000| Untracked 
|  18|0x0000000708000000, 0x0000000708000000, 0x0000000708200000|  0%| F|  |TAMS 0x0000000708000000, 0x0000000708000000| Untracked 
|  19|0x0000000708200000, 0x0000000708200000, 0x0000000708400000|  0%| F|  |TAMS 0x0000000708200000, 0x0000000708200000| Untracked 
|  20|0x0000000708400000, 0x0000000708400000, 0x0000000708600000|  0%| F|  |TAMS 0x0000000708400000, 0x0000000708400000| Untracked 
|  21|0x0000000708600000, 0x0000000708600000, 0x0000000708800000|  0%| F|  |TAMS 0x0000000708600000, 0x0000000708600000| Untracked 
|  22|0x0000000708800000, 0x0000000708800000, 0x0000000708a00000|  0%| F|  |TAMS 0x0000000708800000, 0x0000000708800000| Untracked 
|  23|0x0000000708a00000, 0x0000000708a00000, 0x0000000708c00000|  0%| F|  |TAMS 0x0000000708a00000, 0x0000000708a00000| Untracked 
|  24|0x0000000708c00000, 0x0000000708c00000, 0x0000000708e00000|  0%| F|  |TAMS 0x0000000708c00000, 0x0000000708c00000| Untracked 
|  25|0x0000000708e00000, 0x0000000708e00000, 0x0000000709000000|  0%| F|  |TAMS 0x0000000708e00000, 0x0000000708e00000| Untracked 
|  26|0x0000000709000000, 0x0000000709000000, 0x0000000709200000|  0%| F|  |TAMS 0x0000000709000000, 0x0000000709000000| Untracked 
|  27|0x0000000709200000, 0x0000000709200000, 0x0000000709400000|  0%| F|  |TAMS 0x0000000709200000, 0x0000000709200000| Untracked 
|  28|0x0000000709400000, 0x0000000709400000, 0x0000000709600000|  0%| F|  |TAMS 0x0000000709400000, 0x0000000709400000| Untracked 
|  29|0x0000000709600000, 0x0000000709600000, 0x0000000709800000|  0%| F|  |TAMS 0x0000000709600000, 0x0000000709600000| Untracked 
|  30|0x0000000709800000, 0x0000000709800000, 0x0000000709a00000|  0%| F|  |TAMS 0x0000000709800000, 0x0000000709800000| Untracked 
|  31|0x0000000709a00000, 0x0000000709a00000, 0x0000000709c00000|  0%| F|  |TAMS 0x0000000709a00000, 0x0000000709a00000| Untracked 
|  32|0x0000000709c00000, 0x0000000709c00000, 0x0000000709e00000|  0%| F|  |TAMS 0x0000000709c00000, 0x0000000709c00000| Untracked 
|  33|0x0000000709e00000, 0x0000000709e00000, 0x000000070a000000|  0%| F|  |TAMS 0x0000000709e00000, 0x0000000709e00000| Untracked 
|  34|0x000000070a000000, 0x000000070a000000, 0x000000070a200000|  0%| F|  |TAMS 0x000000070a000000, 0x000000070a000000| Untracked 
|  35|0x000000070a200000, 0x000000070a200000, 0x000000070a400000|  0%| F|  |TAMS 0x000000070a200000, 0x000000070a200000| Untracked 
|  36|0x000000070a400000, 0x000000070a400000, 0x000000070a600000|  0%| F|  |TAMS 0x000000070a400000, 0x000000070a400000| Untracked 
|  37|0x000000070a600000, 0x000000070a600000, 0x000000070a800000|  0%| F|  |TAMS 0x000000070a600000, 0x000000070a600000| Untracked 
|  38|0x000000070a800000, 0x000000070a800000, 0x000000070aa00000|  0%| F|  |TAMS 0x000000070a800000, 0x000000070a800000| Untracked 
|  39|0x000000070aa00000, 0x000000070aa00000, 0x000000070ac00000|  0%| F|  |TAMS 0x000000070aa00000, 0x000000070aa00000| Untracked 
|  40|0x000000070ac00000, 0x000000070ac00000, 0x000000070ae00000|  0%| F|  |TAMS 0x000000070ac00000, 0x000000070ac00000| Untracked 
|  41|0x000000070ae00000, 0x000000070ae00000, 0x000000070b000000|  0%| F|  |TAMS 0x000000070ae00000, 0x000000070ae00000| Untracked 
|  42|0x000000070b000000, 0x000000070b000000, 0x000000070b200000|  0%| F|  |TAMS 0x000000070b000000, 0x000000070b000000| Untracked 
|  43|0x000000070b200000, 0x000000070b200000, 0x000000070b400000|  0%| F|  |TAMS 0x000000070b200000, 0x000000070b200000| Untracked 
|  44|0x000000070b400000, 0x000000070b400000, 0x000000070b600000|  0%| F|  |TAMS 0x000000070b400000, 0x000000070b400000| Untracked 
|  45|0x000000070b600000, 0x000000070b600000, 0x000000070b800000|  0%| F|  |TAMS 0x000000070b600000, 0x000000070b600000| Untracked 
|  46|0x000000070b800000, 0x000000070b800000, 0x000000070ba00000|  0%| F|  |TAMS 0x000000070b800000, 0x000000070b800000| Untracked 
|  47|0x000000070ba00000, 0x000000070ba00000, 0x000000070bc00000|  0%| F|  |TAMS 0x000000070ba00000, 0x000000070ba00000| Untracked 
|  48|0x000000070bc00000, 0x000000070bc00000, 0x000000070be00000|  0%| F|  |TAMS 0x000000070bc00000, 0x000000070bc00000| Untracked 
|  49|0x000000070be00000, 0x000000070be00000, 0x000000070c000000|  0%| F|  |TAMS 0x000000070be00000, 0x000000070be00000| Untracked 
|  50|0x000000070c000000, 0x000000070c000000, 0x000000070c200000|  0%| F|  |TAMS 0x000000070c000000, 0x000000070c000000| Untracked 
|  51|0x000000070c200000, 0x000000070c200000, 0x000000070c400000|  0%| F|  |TAMS 0x000000070c200000, 0x000000070c200000| Untracked 
|  52|0x000000070c400000, 0x000000070c400000, 0x000000070c600000|  0%| F|  |TAMS 0x000000070c400000, 0x000000070c400000| Untracked 
|  53|0x000000070c600000, 0x000000070c600000, 0x000000070c800000|  0%| F|  |TAMS 0x000000070c600000, 0x000000070c600000| Untracked 
|  54|0x000000070c800000, 0x000000070c800000, 0x000000070ca00000|  0%| F|  |TAMS 0x000000070c800000, 0x000000070c800000| Untracked 
|  55|0x000000070ca00000, 0x000000070ca00000, 0x000000070cc00000|  0%| F|  |TAMS 0x000000070ca00000, 0x000000070ca00000| Untracked 
|  56|0x000000070cc00000, 0x000000070cc00000, 0x000000070ce00000|  0%| F|  |TAMS 0x000000070cc00000, 0x000000070cc00000| Untracked 
|  57|0x000000070ce00000, 0x000000070ce00000, 0x000000070d000000|  0%| F|  |TAMS 0x000000070ce00000, 0x000000070ce00000| Untracked 
|  58|0x000000070d000000, 0x000000070d000000, 0x000000070d200000|  0%| F|  |TAMS 0x000000070d000000, 0x000000070d000000| Untracked 
|  59|0x000000070d200000, 0x000000070d200000, 0x000000070d400000|  0%| F|  |TAMS 0x000000070d200000, 0x000000070d200000| Untracked 
|  60|0x000000070d400000, 0x000000070d400000, 0x000000070d600000|  0%| F|  |TAMS 0x000000070d400000, 0x000000070d400000| Untracked 
|  61|0x000000070d600000, 0x000000070d600000, 0x000000070d800000|  0%| F|  |TAMS 0x000000070d600000, 0x000000070d600000| Untracked 
|  62|0x000000070d800000, 0x000000070d800000, 0x000000070da00000|  0%| F|  |TAMS 0x000000070d800000, 0x000000070d800000| Untracked 
|  63|0x000000070da00000, 0x000000070da00000, 0x000000070dc00000|  0%| F|  |TAMS 0x000000070da00000, 0x000000070da00000| Untracked 
|  64|0x000000070dc00000, 0x000000070dc00000, 0x000000070de00000|  0%| F|  |TAMS 0x000000070dc00000, 0x000000070dc00000| Untracked 
|  65|0x000000070de00000, 0x000000070de00000, 0x000000070e000000|  0%| F|  |TAMS 0x000000070de00000, 0x000000070de00000| Untracked 
|  66|0x000000070e000000, 0x000000070e000000, 0x000000070e200000|  0%| F|  |TAMS 0x000000070e000000, 0x000000070e000000| Untracked 
|  67|0x000000070e200000, 0x000000070e200000, 0x000000070e400000|  0%| F|  |TAMS 0x000000070e200000, 0x000000070e200000| Untracked 
|  68|0x000000070e400000, 0x000000070e400000, 0x000000070e600000|  0%| F|  |TAMS 0x000000070e400000, 0x000000070e400000| Untracked 
|  69|0x000000070e600000, 0x000000070e600000, 0x000000070e800000|  0%| F|  |TAMS 0x000000070e600000, 0x000000070e600000| Untracked 
|  70|0x000000070e800000, 0x000000070e800000, 0x000000070ea00000|  0%| F|  |TAMS 0x000000070e800000, 0x000000070e800000| Untracked 
|  71|0x000000070ea00000, 0x000000070ea00000, 0x000000070ec00000|  0%| F|  |TAMS 0x000000070ea00000, 0x000000070ea00000| Untracked 
|  72|0x000000070ec00000, 0x000000070ec00000, 0x000000070ee00000|  0%| F|  |TAMS 0x000000070ec00000, 0x000000070ec00000| Untracked 
|  73|0x000000070ee00000, 0x000000070ee00000, 0x000000070f000000|  0%| F|  |TAMS 0x000000070ee00000, 0x000000070ee00000| Untracked 
|  74|0x000000070f000000, 0x000000070f000000, 0x000000070f200000|  0%| F|  |TAMS 0x000000070f000000, 0x000000070f000000| Untracked 
|  75|0x000000070f200000, 0x000000070f200000, 0x000000070f400000|  0%| F|  |TAMS 0x000000070f200000, 0x000000070f200000| Untracked 
|  76|0x000000070f400000, 0x000000070f400000, 0x000000070f600000|  0%| F|  |TAMS 0x000000070f400000, 0x000000070f400000| Untracked 
|  77|0x000000070f600000, 0x000000070f600000, 0x000000070f800000|  0%| F|  |TAMS 0x000000070f600000, 0x000000070f600000| Untracked 
|  78|0x000000070f800000, 0x000000070f800000, 0x000000070fa00000|  0%| F|  |TAMS 0x000000070f800000, 0x000000070f800000| Untracked 
|  79|0x000000070fa00000, 0x000000070fa00000, 0x000000070fc00000|  0%| F|  |TAMS 0x000000070fa00000, 0x000000070fa00000| Untracked 
|  80|0x000000070fc00000, 0x000000070fc00000, 0x000000070fe00000|  0%| F|  |TAMS 0x000000070fc00000, 0x000000070fc00000| Untracked 
|  81|0x000000070fe00000, 0x000000070fe00000, 0x0000000710000000|  0%| F|  |TAMS 0x000000070fe00000, 0x000000070fe00000| Untracked 
|  82|0x0000000710000000, 0x0000000710000000, 0x0000000710200000|  0%| F|  |TAMS 0x0000000710000000, 0x0000000710000000| Untracked 
|  83|0x0000000710200000, 0x0000000710200000, 0x0000000710400000|  0%| F|  |TAMS 0x0000000710200000, 0x0000000710200000| Untracked 
|  84|0x0000000710400000, 0x0000000710400000, 0x0000000710600000|  0%| F|  |TAMS 0x0000000710400000, 0x0000000710400000| Untracked 
|  85|0x0000000710600000, 0x0000000710600000, 0x0000000710800000|  0%| F|  |TAMS 0x0000000710600000, 0x0000000710600000| Untracked 
|  86|0x0000000710800000, 0x0000000710800000, 0x0000000710a00000|  0%| F|  |TAMS 0x0000000710800000, 0x0000000710800000| Untracked 
|  87|0x0000000710a00000, 0x0000000710a00000, 0x0000000710c00000|  0%| F|  |TAMS 0x0000000710a00000, 0x0000000710a00000| Untracked 
|  88|0x0000000710c00000, 0x0000000710c00000, 0x0000000710e00000|  0%| F|  |TAMS 0x0000000710c00000, 0x0000000710c00000| Untracked 
|  89|0x0000000710e00000, 0x0000000710e00000, 0x0000000711000000|  0%| F|  |TAMS 0x0000000710e00000, 0x0000000710e00000| Untracked 
|  90|0x0000000711000000, 0x0000000711000000, 0x0000000711200000|  0%| F|  |TAMS 0x0000000711000000, 0x0000000711000000| Untracked 
|  91|0x0000000711200000, 0x0000000711200000, 0x0000000711400000|  0%| F|  |TAMS 0x0000000711200000, 0x0000000711200000| Untracked 
|  92|0x0000000711400000, 0x0000000711400000, 0x0000000711600000|  0%| F|  |TAMS 0x0000000711400000, 0x0000000711400000| Untracked 
|  93|0x0000000711600000, 0x0000000711600000, 0x0000000711800000|  0%| F|  |TAMS 0x0000000711600000, 0x0000000711600000| Untracked 
|  94|0x0000000711800000, 0x0000000711800000, 0x0000000711a00000|  0%| F|  |TAMS 0x0000000711800000, 0x0000000711800000| Untracked 
|  95|0x0000000711a00000, 0x0000000711a00000, 0x0000000711c00000|  0%| F|  |TAMS 0x0000000711a00000, 0x0000000711a00000| Untracked 
|  96|0x0000000711c00000, 0x0000000711d00800, 0x0000000711e00000| 50%| E|  |TAMS 0x0000000711c00000, 0x0000000711c00000| Complete 
|  97|0x0000000711e00000, 0x0000000712000000, 0x0000000712000000|100%| E|CS|TAMS 0x0000000711e00000, 0x0000000711e00000| Complete 
|  98|0x0000000712000000, 0x0000000712200000, 0x0000000712200000|100%| E|CS|TAMS 0x0000000712000000, 0x0000000712000000| Complete 
|  99|0x0000000712200000, 0x0000000712400000, 0x0000000712400000|100%| E|CS|TAMS 0x0000000712200000, 0x0000000712200000| Complete 
| 100|0x0000000712400000, 0x0000000712600000, 0x0000000712600000|100%| E|CS|TAMS 0x0000000712400000, 0x0000000712400000| Complete 
| 101|0x0000000712600000, 0x0000000712800000, 0x0000000712800000|100%| E|CS|TAMS 0x0000000712600000, 0x0000000712600000| Complete 
| 102|0x0000000712800000, 0x0000000712a00000, 0x0000000712a00000|100%| E|CS|TAMS 0x0000000712800000, 0x0000000712800000| Complete 
| 103|0x0000000712a00000, 0x0000000712c00000, 0x0000000712c00000|100%| E|CS|TAMS 0x0000000712a00000, 0x0000000712a00000| Complete 
| 104|0x0000000712c00000, 0x0000000712e00000, 0x0000000712e00000|100%| E|CS|TAMS 0x0000000712c00000, 0x0000000712c00000| Complete 
| 105|0x0000000712e00000, 0x0000000713000000, 0x0000000713000000|100%| E|CS|TAMS 0x0000000712e00000, 0x0000000712e00000| Complete 
| 106|0x0000000713000000, 0x0000000713200000, 0x0000000713200000|100%| E|CS|TAMS 0x0000000713000000, 0x0000000713000000| Complete 
| 107|0x0000000713200000, 0x0000000713400000, 0x0000000713400000|100%| E|CS|TAMS 0x0000000713200000, 0x0000000713200000| Complete 
| 108|0x0000000713400000, 0x00000007135af918, 0x0000000713600000| 84%| S|CS|TAMS 0x0000000713400000, 0x0000000713400000| Complete 
| 109|0x0000000713600000, 0x0000000713800000, 0x0000000713800000|100%| E|CS|TAMS 0x0000000713600000, 0x0000000713600000| Complete 
| 110|0x0000000713800000, 0x0000000713a00000, 0x0000000713a00000|100%| E|CS|TAMS 0x0000000713800000, 0x0000000713800000| Complete 
| 111|0x0000000713a00000, 0x0000000713c00000, 0x0000000713c00000|100%| E|CS|TAMS 0x0000000713a00000, 0x0000000713a00000| Complete 
| 112|0x0000000713c00000, 0x0000000713e00000, 0x0000000713e00000|100%| E|CS|TAMS 0x0000000713c00000, 0x0000000713c00000| Complete 
| 113|0x0000000713e00000, 0x0000000714000000, 0x0000000714000000|100%| E|CS|TAMS 0x0000000713e00000, 0x0000000713e00000| Complete 
| 114|0x0000000714000000, 0x0000000714200000, 0x0000000714200000|100%| E|CS|TAMS 0x0000000714000000, 0x0000000714000000| Complete 
| 115|0x0000000714200000, 0x0000000714400000, 0x0000000714400000|100%| E|CS|TAMS 0x0000000714200000, 0x0000000714200000| Complete 
| 116|0x0000000714400000, 0x0000000714600000, 0x0000000714600000|100%| E|CS|TAMS 0x0000000714400000, 0x0000000714400000| Complete 
| 117|0x0000000714600000, 0x0000000714800000, 0x0000000714800000|100%| E|CS|TAMS 0x0000000714600000, 0x0000000714600000| Complete 
| 118|0x0000000714800000, 0x0000000714a00000, 0x0000000714a00000|100%| E|CS|TAMS 0x0000000714800000, 0x0000000714800000| Complete 
| 119|0x0000000714a00000, 0x0000000714c00000, 0x0000000714c00000|100%| E|CS|TAMS 0x0000000714a00000, 0x0000000714a00000| Complete 
| 120|0x0000000714c00000, 0x0000000714e00000, 0x0000000714e00000|100%| E|CS|TAMS 0x0000000714c00000, 0x0000000714c00000| Complete 
| 121|0x0000000714e00000, 0x0000000715000000, 0x0000000715000000|100%| E|CS|TAMS 0x0000000714e00000, 0x0000000714e00000| Complete 
| 122|0x0000000715000000, 0x0000000715200000, 0x0000000715200000|100%| E|CS|TAMS 0x0000000715000000, 0x0000000715000000| Complete 
| 123|0x0000000715200000, 0x0000000715400000, 0x0000000715400000|100%| E|CS|TAMS 0x0000000715200000, 0x0000000715200000| Complete 
| 124|0x0000000715400000, 0x0000000715600000, 0x0000000715600000|100%| E|CS|TAMS 0x0000000715400000, 0x0000000715400000| Complete 
| 125|0x0000000715600000, 0x0000000715800000, 0x0000000715800000|100%| E|CS|TAMS 0x0000000715600000, 0x0000000715600000| Complete 

Card table byte_map: [0x000002187eb80000,0x000002187f360000] _byte_map_base: 0x000002187b352000

Marking Bits (Prev, Next): (CMBitMap*) 0x00000218656ad030, (CMBitMap*) 0x00000218656ad070
 Prev Bits: [0x0000021800000000, 0x0000021803e90000)
 Next Bits: [0x0000021803e90000, 0x0000021807d20000)

Polling page: 0x0000021865710000

Metaspace:

Usage:
  Non-class:     13.06 MB used.
      Class:      1.79 MB used.
       Both:     14.85 MB used.

Virtual space:
  Non-class space:       64.00 MB reserved,      13.19 MB ( 21%) committed,  1 nodes.
      Class space:        1.00 GB reserved,       1.88 MB ( <1%) committed,  1 nodes.
             Both:        1.06 GB reserved,      15.06 MB (  1%) committed. 

Chunk freelists:
   Non-Class:  2.17 MB
       Class:  13.97 MB
        Both:  16.14 MB

MaxMetaspaceSize: unlimited
CompressedClassSpaceSize: 1.00 GB
Initial GC threshold: 21.00 MB
Current GC threshold: 21.00 MB
CDS: on
MetaspaceReclaimPolicy: balanced
 - commit_granule_bytes: 65536.
 - commit_granule_words: 8192.
 - virtual_space_node_default_size: 8388608.
 - enlarge_chunks_in_place: 1.
 - new_chunks_are_fully_committed: 0.
 - uncommit_free_chunks: 1.
 - use_allocation_guard: 0.
 - handle_deallocations: 1.


Internal statistics:

num_allocs_failed_limit: 0.
num_arena_births: 94.
num_arena_deaths: 0.
num_vsnodes_births: 2.
num_vsnodes_deaths: 0.
num_space_committed: 241.
num_space_uncommitted: 0.
num_chunks_returned_to_freelist: 0.
num_chunks_taken_from_freelist: 656.
num_chunk_merges: 0.
num_chunk_splits: 430.
num_chunks_enlarged: 331.
num_inconsistent_stats: 0.

CodeHeap 'non-profiled nmethods': size=120000Kb used=1586Kb max_used=1586Kb free=118413Kb
 bounds [0x00000218762e0000, 0x0000021876550000, 0x000002187d810000]
CodeHeap 'profiled nmethods': size=120000Kb used=7083Kb max_used=7083Kb free=112916Kb
 bounds [0x000002186e810000, 0x000002186ef00000, 0x0000021875d40000]
CodeHeap 'non-nmethods': size=5760Kb used=1172Kb max_used=1212Kb free=4587Kb
 bounds [0x0000021875d40000, 0x0000021875fb0000, 0x00000218762e0000]
 total_blobs=3932 nmethods=3470 adapters=374
 compilation: enabled
              stopped_count=0, restarted_count=0
 full_count=0

Compilation events (20 events):
Event: 15.368 Thread 0x000002180a7c2c30 nmethod 3451 0x0000021876468090 code [0x0000021876468220, 0x00000218764682f8]
Event: 15.378 Thread 0x000002180a7c2c30 3453       3       sun.nio.ch.FileChannelImpl::beginBlocking (12 bytes)
Event: 15.379 Thread 0x000002180a7c2c30 nmethod 3453 0x000002186eee8090 code [0x000002186eee8240, 0x000002186eee83a8]
Event: 15.380 Thread 0x000002180a7c2c30 3454       3       sun.nio.ch.FileChannelImpl::endBlocking (13 bytes)
Event: 15.380 Thread 0x000002180a7c2c30 nmethod 3454 0x000002186eee8490 code [0x000002186eee8640, 0x000002186eee87a8]
Event: 15.384 Thread 0x000002180a7c2c30 3455       1       org.eclipse.aether.resolution.ArtifactResult::getRepository (5 bytes)
Event: 15.385 Thread 0x000002180a7c2c30 nmethod 3455 0x0000021876468390 code [0x0000021876468520, 0x00000218764685f8]
Event: 15.385 Thread 0x000002180a7c2c30 3456       1       org.apache.maven.model.building.DefaultModelBuildingRequest::getPomFile (5 bytes)
Event: 15.385 Thread 0x000002180a7c2c30 nmethod 3456 0x0000021876468690 code [0x0000021876468820, 0x00000218764688f8]
Event: 15.392 Thread 0x000002180a7c2c30 3457       3       org.eclipse.aether.DefaultSessionData::computeIfAbsent (17 bytes)
Event: 15.394 Thread 0x000002180a7c2c30 nmethod 3457 0x000002186eee8890 code [0x000002186eee8aa0, 0x000002186eee91d8]
Event: 15.394 Thread 0x000002180a7c2c30 3458       3       org.eclipse.aether.DefaultSessionData$$Lambda$117/0x000002180c1a3b98::<init> (10 bytes)
Event: 15.394 Thread 0x000002180a7c2c30 nmethod 3458 0x000002186eee9410 code [0x000002186eee95a0, 0x000002186eee9758]
Event: 15.405 Thread 0x000002180a7c2c30 3459       3       org.apache.maven.model.io.xpp3.MavenXpp3Reader::parseDependency (486 bytes)
Event: 15.412 Thread 0x000002180a7c2c30 nmethod 3459 0x000002186eee9810 code [0x000002186eee9f00, 0x000002186eeed5f8]
Event: 15.412 Thread 0x000002180a7c2c30 3460       3       org.slf4j.impl.SimpleLogger::trace (9 bytes)
Event: 15.412 Thread 0x000002180a7c2c30 nmethod 3460 0x000002186eeee990 code [0x000002186eeeeb20, 0x000002186eeeec68]
Event: 15.412 Thread 0x000002180a7c2c30 3461       3       org.eclipse.aether.internal.impl.filter.RemoteRepositoryFilterSourceSupport::isEnabled (85 bytes)
Event: 17.437 Thread 0x000002180a7c2c30 nmethod 3461 0x000002186eeeed10 code [0x000002186eeef020, 0x000002186eef0188]
Event: 17.437 Thread 0x000002180a7c2c30 3465       3       java.util.regex.Pattern::single (82 bytes)

GC Heap History (4 events):
Event: 1.459 GC heap before
{Heap before GC invocations=0 (full 0):
 garbage-first heap   total 258048K, used 22528K [0x0000000705c00000, 0x0000000800000000)
  region size 2048K, 11 young (22528K), 0 survivors (0K)
 Metaspace       used 5366K, committed 5568K, reserved 1114112K
  class space    used 645K, committed 768K, reserved 1048576K
}
Event: 1.497 GC heap after
{Heap after GC invocations=1 (full 0):
 garbage-first heap   total 258048K, used 3600K [0x0000000705c00000, 0x0000000800000000)
  region size 2048K, 2 young (4096K), 2 survivors (4096K)
 Metaspace       used 5366K, committed 5568K, reserved 1114112K
  class space    used 645K, committed 768K, reserved 1048576K
}
Event: 2.731 GC heap before
{Heap before GC invocations=1 (full 0):
 garbage-first heap   total 258048K, used 34320K [0x0000000705c00000, 0x0000000800000000)
  region size 2048K, 17 young (34816K), 2 survivors (4096K)
 Metaspace       used 9144K, committed 9344K, reserved 1114112K
  class space    used 1107K, committed 1216K, reserved 1048576K
}
Event: 2.738 GC heap after
{Heap after GC invocations=2 (full 0):
 garbage-first heap   total 258048K, used 5213K [0x0000000705c00000, 0x0000000800000000)
  region size 2048K, 1 young (2048K), 1 survivors (2048K)
 Metaspace       used 9144K, committed 9344K, reserved 1114112K
  class space    used 1107K, committed 1216K, reserved 1048576K
}

Deoptimization events (20 events):
Event: 15.295 Thread 0x0000021865640db0 Uncommon trap: trap_request=0xffffff45 fr.pc=0x000002187642d21c relative=0x000000000000179c
Event: 15.296 Thread 0x0000021865640db0 Uncommon trap: reason=unstable_if action=reinterpret pc=0x000002187642d21c method=org.codehaus.plexus.util.xml.pull.MXParser.nextImpl()I @ 978 c2
Event: 15.297 Thread 0x0000021865640db0 DEOPT PACKING pc=0x000002187642d21c sp=0x000000b143cfba50
Event: 15.297 Thread 0x0000021865640db0 DEOPT UNPACKING pc=0x0000021875d923a3 sp=0x000000b143cfb9f8 mode 2
Event: 15.330 Thread 0x0000021865640db0 Uncommon trap: trap_request=0xffffffbe fr.pc=0x0000021876466004 relative=0x00000000000009e4
Event: 15.330 Thread 0x0000021865640db0 Uncommon trap: reason=profile_predicate action=maybe_recompile pc=0x0000021876466004 method=java.util.regex.Pattern$CharPropertyGreedy.match(Ljava/util/regex/Matcher;ILjava/lang/CharSequence;)Z @ 15 c2
Event: 15.330 Thread 0x0000021865640db0 DEOPT PACKING pc=0x0000021876466004 sp=0x000000b143cfb850
Event: 15.330 Thread 0x0000021865640db0 DEOPT UNPACKING pc=0x0000021875d923a3 sp=0x000000b143cfb7e0 mode 2
Event: 15.335 Thread 0x0000021865640db0 Uncommon trap: trap_request=0xffffffbe fr.pc=0x0000021876466004 relative=0x00000000000009e4
Event: 15.335 Thread 0x0000021865640db0 Uncommon trap: reason=profile_predicate action=maybe_recompile pc=0x0000021876466004 method=java.util.regex.Pattern$CharPropertyGreedy.match(Ljava/util/regex/Matcher;ILjava/lang/CharSequence;)Z @ 15 c2
Event: 15.335 Thread 0x0000021865640db0 DEOPT PACKING pc=0x0000021876466004 sp=0x000000b143cfb380
Event: 15.335 Thread 0x0000021865640db0 DEOPT UNPACKING pc=0x0000021875d923a3 sp=0x000000b143cfb310 mode 2
Event: 15.336 Thread 0x0000021865640db0 Uncommon trap: trap_request=0xffffffbe fr.pc=0x0000021876466004 relative=0x00000000000009e4
Event: 15.336 Thread 0x0000021865640db0 Uncommon trap: reason=profile_predicate action=maybe_recompile pc=0x0000021876466004 method=java.util.regex.Pattern$CharPropertyGreedy.match(Ljava/util/regex/Matcher;ILjava/lang/CharSequence;)Z @ 15 c2
Event: 15.336 Thread 0x0000021865640db0 DEOPT PACKING pc=0x0000021876466004 sp=0x000000b143cfb4a0
Event: 15.336 Thread 0x0000021865640db0 DEOPT UNPACKING pc=0x0000021875d923a3 sp=0x000000b143cfb430 mode 2
Event: 15.336 Thread 0x0000021865640db0 Uncommon trap: trap_request=0xffffffbe fr.pc=0x0000021876466004 relative=0x00000000000009e4
Event: 15.336 Thread 0x0000021865640db0 Uncommon trap: reason=profile_predicate action=maybe_recompile pc=0x0000021876466004 method=java.util.regex.Pattern$CharPropertyGreedy.match(Ljava/util/regex/Matcher;ILjava/lang/CharSequence;)Z @ 15 c2
Event: 15.336 Thread 0x0000021865640db0 DEOPT PACKING pc=0x0000021876466004 sp=0x000000b143cfb350
Event: 15.336 Thread 0x0000021865640db0 DEOPT UNPACKING pc=0x0000021875d923a3 sp=0x000000b143cfb2e0 mode 2

Classes unloaded (0 events):
No events

Classes redefined (0 events):
No events

Internal exceptions (20 events):
Event: 0.565 Thread 0x0000021865640db0 Exception <a 'java/lang/NoSuchMethodError'{0x00000007151c9268}: 'java.lang.Object java.lang.invoke.DirectMethodHandle$Holder.invokeSpecialIFC(java.lang.Object, java.lang.Object, java.lang.Object, java.lang.Object)'> (0x00000007151c9268) 
thrown [s\open\src\hotspot\share\interpreter\linkResolver.cpp, line 759]
Event: 0.968 Thread 0x0000021865640db0 Exception <a 'java/lang/NoSuchMethodError'{0x0000000714bb2f90}: 'void java.lang.invoke.DirectMethodHandle$Holder.invokeSpecial(java.lang.Object, java.lang.Object, java.lang.Object)'> (0x0000000714bb2f90) 
thrown [s\open\src\hotspot\share\interpreter\linkResolver.cpp, line 759]
Event: 1.046 Thread 0x0000021865640db0 Exception <a 'java/lang/NoSuchMethodError'{0x000000071490f100}: 'java.lang.Object java.lang.invoke.DirectMethodHandle$Holder.invokeInterface(java.lang.Object, java.lang.Object)'> (0x000000071490f100) 
thrown [s\open\src\hotspot\share\interpreter\linkResolver.cpp, line 759]
Event: 1.074 Thread 0x0000021865640db0 Exception <a 'java/lang/NoSuchMethodError'{0x00000007149b82e8}: 'java.lang.Object java.lang.invoke.Invokers$Holder.invokeExact_MT(java.lang.Object, java.lang.Object, java.lang.Object, java.lang.Object, java.lang.Object, java.lang.Object)'> (0x00000007149b82e8) 
thrown [s\open\src\hotspot\share\interpreter\linkResolver.cpp, line 759]
Event: 1.079 Thread 0x0000021865640db0 Exception <a 'java/lang/NoSuchMethodError'{0x00000007149c99c0}: 'int java.lang.invoke.DirectMethodHandle$Holder.invokeSpecialIFC(java.lang.Object, java.lang.Object, java.lang.Object, java.lang.Object, java.lang.Object)'> (0x00000007149c99c0) 
thrown [s\open\src\hotspot\share\interpreter\linkResolver.cpp, line 759]
Event: 1.185 Thread 0x0000021865640db0 Exception <a 'java/lang/NoSuchMethodError'{0x000000071476e2e8}: 'java.lang.Object java.lang.invoke.DirectMethodHandle$Holder.newInvokeSpecial(java.lang.Object, java.lang.Object, java.lang.Object, java.lang.Object, java.lang.Object)'> (0x000000071476e2e8) 
thrown [s\open\src\hotspot\share\interpreter\linkResolver.cpp, line 759]
Event: 1.253 Thread 0x0000021865640db0 Exception <a 'java/lang/NoSuchMethodError'{0x000000071448cd60}: 'int java.lang.invoke.DirectMethodHandle$Holder.invokeStaticInit(java.lang.Object, java.lang.Object)'> (0x000000071448cd60) 
thrown [s\open\src\hotspot\share\interpreter\linkResolver.cpp, line 759]
Event: 1.288 Thread 0x0000021865640db0 Exception <a 'java/lang/NoClassDefFoundError'{0x00000007144c52b0}: javax/enterprise/inject/Typed> (0x00000007144c52b0) 
thrown [s\open\src\hotspot\share\classfile\systemDictionary.cpp, line 245]
Event: 3.139 Thread 0x0000021865640db0 Exception <a 'java/lang/NoSuchMethodError'{0x00000007151500a8}: 'void java.lang.invoke.DirectMethodHandle$Holder.invokeStaticInit(java.lang.Object, java.lang.Object, java.lang.Object)'> (0x00000007151500a8) 
thrown [s\open\src\hotspot\share\interpreter\linkResolver.cpp, line 759]
Event: 3.173 Thread 0x0000021865640db0 Implicit null exception at 0x000002187636732f to 0x00000218763674cc
Event: 3.181 Thread 0x0000021865640db0 Exception <a 'java/lang/NoSuchMethodError'{0x00000007151c4718}: 'java.lang.Object java.lang.invoke.Invokers$Holder.invokeExact_MT(java.lang.Object, int, java.lang.Object)'> (0x00000007151c4718) 
thrown [s\open\src\hotspot\share\interpreter\linkResolver.cpp, line 759]
Event: 3.211 Thread 0x0000021865640db0 Exception <a 'java/lang/NoSuchMethodError'{0x0000000714e35448}: 'int java.lang.invoke.DirectMethodHandle$Holder.invokeSpecial(java.lang.Object, java.lang.Object, java.lang.Object, java.lang.Object)'> (0x0000000714e35448) 
thrown [s\open\src\hotspot\share\interpreter\linkResolver.cpp, line 759]
Event: 4.606 Thread 0x0000021865640db0 Exception <a 'java/lang/NoClassDefFoundError'{0x0000000714686a58}: com/google/inject/servlet/ServletModuleTargetVisitor> (0x0000000714686a58) 
thrown [s\open\src\hotspot\share\classfile\systemDictionary.cpp, line 245]
Event: 6.385 Thread 0x0000021865640db0 Exception <a 'java/lang/NoSuchMethodError'{0x00000007144bd950}: 'java.lang.Object java.lang.invoke.DirectMethodHandle$Holder.invokeStaticInit(java.lang.Object, int, int, int, int)'> (0x00000007144bd950) 
thrown [s\open\src\hotspot\share\interpreter\linkResolver.cpp, line 759]
Event: 7.302 Thread 0x0000021865640db0 Implicit null exception at 0x00000218763290f2 to 0x00000218763296d4
Event: 7.302 Thread 0x0000021865640db0 Implicit null exception at 0x00000218763002f2 to 0x00000218763008e8
Event: 7.654 Thread 0x0000021865640db0 Exception <a 'java/lang/NoSuchMethodError'{0x0000000713e2d760}: 'void java.lang.invoke.DirectMethodHandle$Holder.invokeSpecial(java.lang.Object, java.lang.Object, java.lang.Object, java.lang.Object, java.lang.Object)'> (0x0000000713e2d760) 
thrown [s\open\src\hotspot\share\interpreter\linkResolver.cpp, line 759]
Event: 7.677 Thread 0x0000021865640db0 Exception <a 'java/lang/NoSuchMethodError'{0x0000000713e46890}: 'void java.lang.invoke.DirectMethodHandle$Holder.invokeSpecial(java.lang.Object, java.lang.Object, java.lang.Object, java.lang.Object, java.lang.Object, java.lang.Object)'> (0x0000000713e46890) 
thrown [s\open\src\hotspot\share\interpreter\linkResolver.cpp, line 759]
Event: 8.045 Thread 0x0000021865640db0 Exception <a 'java/lang/NoSuchMethodError'{0x0000000713f590e8}: 'java.lang.Object java.lang.invoke.DirectMethodHandle$Holder.invokeVirtual(java.lang.Object, java.lang.Object, java.lang.Object)'> (0x0000000713f590e8) 
thrown [s\open\src\hotspot\share\interpreter\linkResolver.cpp, line 759]
Event: 15.010 Thread 0x0000021865640db0 Exception <a 'java/lang/NoSuchMethodError'{0x0000000712531b08}: 'void java.lang.invoke.DirectMethodHandle$Holder.invokeStatic(java.lang.Object, java.lang.Object, java.lang.Object, java.lang.Object)'> (0x0000000712531b08) 
thrown [s\open\src\hotspot\share\interpreter\linkResolver.cpp, line 759]

VM Operations (20 events):
Event: 6.980 Executing VM operation: HandshakeAllThreads
Event: 6.981 Executing VM operation: HandshakeAllThreads done
Event: 7.987 Executing VM operation: Cleanup
Event: 8.003 Executing VM operation: Cleanup done
Event: 9.012 Executing VM operation: Cleanup
Event: 9.013 Executing VM operation: Cleanup done
Event: 10.026 Executing VM operation: Cleanup
Event: 10.027 Executing VM operation: Cleanup done
Event: 11.036 Executing VM operation: Cleanup
Event: 11.231 Executing VM operation: Cleanup done
Event: 12.237 Executing VM operation: Cleanup
Event: 12.237 Executing VM operation: Cleanup done
Event: 13.239 Executing VM operation: Cleanup
Event: 13.274 Executing VM operation: Cleanup done
Event: 14.285 Executing VM operation: Cleanup
Event: 14.514 Executing VM operation: Cleanup done
Event: 14.595 Executing VM operation: HandshakeAllThreads
Event: 14.609 Executing VM operation: HandshakeAllThreads done
Event: 15.611 Executing VM operation: Cleanup
Event: 17.437 Executing VM operation: Cleanup done

Events (20 events):
Event: 7.593 loading class java/util/AbstractMap$2$1 done
Event: 7.803 Thread 0x000002185089f1d0 Thread added: 0x000002185089f1d0
Event: 8.055 loading class java/lang/invoke/MethodHandle$1
Event: 8.062 loading class java/lang/invoke/MethodHandle$1 done
Event: 8.666 Thread 0x000002185089f1d0 Thread exited: 0x000002185089f1d0
Event: 8.712 loading class java/util/stream/Streams$RangeIntSpliterator
Event: 8.714 loading class java/util/stream/Streams$RangeIntSpliterator done
Event: 13.272 Thread 0x00000218515f84c0 Thread added: 0x00000218515f84c0
Event: 14.720 Thread 0x00000218515f84c0 Thread exited: 0x00000218515f84c0
Event: 14.789 loading class java/util/stream/MatchOps$MatchKind
Event: 14.790 loading class java/util/stream/MatchOps$MatchKind done
Event: 14.790 loading class java/util/stream/MatchOps
Event: 14.791 loading class java/util/stream/MatchOps done
Event: 14.791 loading class java/util/stream/MatchOps$MatchOp
Event: 14.791 loading class java/util/stream/MatchOps$MatchOp done
Event: 14.791 loading class java/util/stream/MatchOps$BooleanTerminalSink
Event: 14.792 loading class java/util/stream/MatchOps$BooleanTerminalSink done
Event: 14.793 loading class java/util/stream/MatchOps$1MatchSink
Event: 14.794 loading class java/util/stream/MatchOps$1MatchSink done
Event: 15.055 Thread 0x00000218515f84c0 Thread added: 0x00000218515f84c0


Dynamic libraries:
0x00007ff712f80000 - 0x00007ff712f90000 	C:\Program Files\Java\jdk-17\bin\java.exe
0x00007ff897a00000 - 0x00007ff897c67000 	C:\Windows\SYSTEM32\ntdll.dll
0x00007ff896ba0000 - 0x00007ff896c69000 	C:\Windows\System32\KERNEL32.DLL
0x00007ff894b50000 - 0x00007ff894f3f000 	C:\Windows\System32\KERNELBASE.dll
0x00007ff8952b0000 - 0x00007ff8953fb000 	C:\Windows\System32\ucrtbase.dll
0x00007ff85b410000 - 0x00007ff85b429000 	C:\Program Files\Java\jdk-17\bin\jli.dll
0x00007ff8665b0000 - 0x00007ff8665cb000 	C:\Program Files\Java\jdk-17\bin\VCRUNTIME140.dll
0x00007ff896e70000 - 0x00007ff896f24000 	C:\Windows\System32\ADVAPI32.dll
0x00007ff8965c0000 - 0x00007ff896669000 	C:\Windows\System32\msvcrt.dll
0x00007ff896cc0000 - 0x00007ff896d66000 	C:\Windows\System32\sechost.dll
0x00007ff895830000 - 0x00007ff895948000 	C:\Windows\System32\RPCRT4.dll
0x00007ff8972c0000 - 0x00007ff897485000 	C:\Windows\System32\USER32.dll
0x00007ff87e190000 - 0x00007ff87e423000 	C:\Windows\WinSxS\amd64_microsoft.windows.common-controls_6595b64144ccf1df_6.0.26100.7309_none_3e05feeae336a044\COMCTL32.dll
0x00007ff894f50000 - 0x00007ff894f77000 	C:\Windows\System32\win32u.dll
0x00007ff897540000 - 0x00007ff89756b000 	C:\Windows\System32\GDI32.dll
0x00007ff894f80000 - 0x00007ff8950ac000 	C:\Windows\System32\gdi32full.dll
0x00007ff895400000 - 0x00007ff8954a3000 	C:\Windows\System32\msvcp_win.dll
0x00007ff884dc0000 - 0x00007ff884dcb000 	C:\Windows\SYSTEM32\VERSION.dll
0x00007ff897690000 - 0x00007ff8976c1000 	C:\Windows\System32\IMM32.DLL
0x00007ff87f190000 - 0x00007ff87f19c000 	C:\Program Files\Java\jdk-17\bin\vcruntime140_1.dll
0x00007ff842ab0000 - 0x00007ff842b3e000 	C:\Program Files\Java\jdk-17\bin\msvcp140.dll
0x00007ffff99e0000 - 0x00007ffffa5c0000 	C:\Program Files\Java\jdk-17\bin\server\jvm.dll
0x00007ff8977c0000 - 0x00007ff8977c8000 	C:\Windows\System32\PSAPI.DLL
0x00007ff881020000 - 0x00007ff881055000 	C:\Windows\SYSTEM32\WINMM.dll
0x00007ff873f20000 - 0x00007ff873f2a000 	C:\Windows\SYSTEM32\WSOCK32.dll
0x00007ff895bf0000 - 0x00007ff895c64000 	C:\Windows\System32\WS2_32.dll
0x00007ff8938c0000 - 0x00007ff8938db000 	C:\Windows\SYSTEM32\kernel.appcore.dll
0x00007ff86eaf0000 - 0x00007ff86eafa000 	C:\Program Files\Java\jdk-17\bin\jimage.dll
0x00007ff892190000 - 0x00007ff8923d2000 	C:\Windows\SYSTEM32\DBGHELP.DLL
0x00007ff896f30000 - 0x00007ff8972b6000 	C:\Windows\System32\combase.dll
0x00007ff8976d0000 - 0x00007ff8977a6000 	C:\Windows\System32\OLEAUT32.dll
0x00007ff875dd0000 - 0x00007ff875e0c000 	C:\Windows\SYSTEM32\dbgcore.DLL
0x00007ff8954b0000 - 0x00007ff895555000 	C:\Windows\System32\bcryptPrimitives.dll
0x00007ff8571e0000 - 0x00007ff857205000 	C:\Program Files\Java\jdk-17\bin\java.dll
0x00007ff83b5a0000 - 0x00007ff83b677000 	C:\Program Files\Java\jdk-17\bin\jsvml.dll
0x00007ff895c70000 - 0x00007ff8963c3000 	C:\Windows\System32\SHELL32.dll
0x00007ff895140000 - 0x00007ff8952aa000 	C:\Windows\System32\wintypes.dll
0x00007ff892710000 - 0x00007ff892f6e000 	C:\Windows\SYSTEM32\windows.storage.dll
0x00007ff896d70000 - 0x00007ff896e65000 	C:\Windows\System32\SHCORE.dll
0x00007ff896670000 - 0x00007ff8966d6000 	C:\Windows\System32\shlwapi.dll
0x00007ff894a70000 - 0x00007ff894a99000 	C:\Windows\SYSTEM32\profapi.dll
0x00007ff85ae20000 - 0x00007ff85ae39000 	C:\Program Files\Java\jdk-17\bin\net.dll
0x00007ff88dbc0000 - 0x00007ff88dce8000 	C:\Windows\SYSTEM32\WINHTTP.dll
0x00007ff893e10000 - 0x00007ff893e7b000 	C:\Windows\system32\mswsock.dll
0x00007ff85ac80000 - 0x00007ff85ac96000 	C:\Program Files\Java\jdk-17\bin\nio.dll
0x00007ff858c40000 - 0x00007ff858c58000 	C:\Program Files\Java\jdk-17\bin\zip.dll
0x00007ff855ce0000 - 0x00007ff855d04000 	C:\maven\apache-maven-3.9.12\lib\jansi-native\Windows\x86_64\jansi.dll
0x00007ff86db60000 - 0x00007ff86db70000 	C:\Program Files\Java\jdk-17\bin\verify.dll

dbghelp: loaded successfully - version: 4.0.5 - missing functions: none
symbol engine: initialized successfully - sym options: 0x614 - pdb path: .;C:\Program Files\Java\jdk-17\bin;C:\Windows\SYSTEM32;C:\Windows\WinSxS\amd64_microsoft.windows.common-controls_6595b64144ccf1df_6.0.26100.7309_none_3e05feeae336a044;C:\Program Files\Java\jdk-17\bin\server;C:\maven\apache-maven-3.9.12\lib\jansi-native\Windows\x86_64

VM Arguments:
jvm_args: --enable-native-access=ALL-UNNAMED -Dclassworlds.conf=C:\maven\apache-maven-3.9.12\bin\m2.conf -Dmaven.home=C:\maven\apache-maven-3.9.12 -Dlibrary.jansi.path=C:\maven\apache-maven-3.9.12\lib\jansi-native -Dmaven.multiModuleProjectDirectory=D:\try\book-store-service-task\app 
java_command: org.codehaus.plexus.classworlds.launcher.Launcher test-compile
java_class_path (initial): C:\maven\apache-maven-3.9.12\boot\plexus-classworlds-2.9.0.jar
Launcher Type: SUN_STANDARD

[Global flags]
     intx CICompilerCount                          = 4                                         {product} {ergonomic}
     uint ConcGCThreads                            = 3                                         {product} {ergonomic}
     uint G1ConcRefinementThreads                  = 10                                        {product} {ergonomic}
   size_t G1HeapRegionSize                         = 2097152                                   {product} {ergonomic}
    uintx GCDrainStackTargetSize                   = 64                                        {product} {ergonomic}
   size_t InitialHeapSize                          = 264241152                                 {product} {ergonomic}
   size_t MarkStackSize                            = 4194304                                   {product} {ergonomic}
   size_t MaxHeapSize                              = 4198498304                                {product} {ergonomic}
   size_t MaxNewSize                               = 2518679552                                {product} {ergonomic}
   size_t MinHeapDeltaBytes                        = 2097152                                   {product} {ergonomic}
   size_t MinHeapSize                              = 8388608                                   {product} {ergonomic}
    uintx NonNMethodCodeHeapSize                   = 5839372                                {pd product} {ergonomic}
    uintx NonProfiledCodeHeapSize                  = 122909434                              {pd product} {ergonomic}
    uintx ProfiledCodeHeapSize                     = 122909434                              {pd product} {ergonomic}
    uintx ReservedCodeCacheSize                    = 251658240                              {pd product} {ergonomic}
     bool SegmentedCodeCache                       = true                                      {product} {ergonomic}
   size_t SoftMaxHeapSize                          = 4198498304                             {manageable} {ergonomic}
     bool UseCompressedClassPointers               = true                           {product lp64_product} {ergonomic}
     bool UseCompressedOops                        = true                           {product lp64_product} {ergonomic}
     bool UseG1GC                                  = true                                      {product} {ergonomic}
     bool UseLargePagesIndividualAllocation        = false                                  {pd product} {ergonomic}

Logging:
Log output configuration:
 #0: stdout all=warning uptime,level,tags
 #1: stderr all=off uptime,level,tags

Environment Variables:
JAVA_HOME=C:\Program Files\Java\jdk-17
PATH=C:\Program Files\Google\Chrome\Application;C:\maven\apache-maven-3.9.12\bin;C:\Program Files\Java\jdk-17\bin;C:\Windows\system32;C:\Windows;C:\Windows\System32\Wbem;C:\Windows\System32\WindowsPowerShell\v1.0\;C:\Windows\System32\OpenSSH\;C:\Program Files\PostgreSQL\17\bin;C:\Program Files\Docker\Docker\resources\bin;C:\Program Files\dotnet\;C:\Program Files\NVIDIA Corporation\NVIDIA App\NvDLISR;C:\Program Files (x86)\NVIDIA Corporation\PhysX\Common;C:\Program Files\Git\cmd;C:\Program Files\nodejs\;C:\Users\pyroz\AppData\Local\Programs\Python\Python311\Scripts\;C:\Users\pyroz\AppData\Local\Programs\Python\Python311\;C:\Users\pyroz\AppData\Local\Programs\Python\Python314\Scripts\;C:\Users\pyroz\AppData\Local\Programs\Python\Python314\;C:\Users\pyroz\AppData\Local\Microsoft\WindowsApps;C:\Program Files\JetBrains\IntelliJ IDEA 2025.2.3\bin;C:\Users\pyroz\AppData\Local\Programs\Microsoft VS Code\bin;C:\Users\pyroz\AppData\Local\GitHubDesktop\bin;C:\Users\pyroz\AppData\Roaming\npm;C:\Users\pyroz\AppData\Local\Programs\cursor\resources\app\bin
USERNAME=pyroz
OS=Windows_NT
PROCESSOR_IDENTIFIER=Intel64 Family 6 Model 154 Stepping 3, GenuineIntel



---------------  S Y S T E M  ---------------

OS:
 Windows 11 , 64 bit Build 26100 (10.0.26100.7623)
OS uptime: 5 days 2:46 hours
Hyper-V role detected

CPU: total 12 (initial active 12) (6 cores per cpu, 2 threads per core) family 6 model 154 stepping 3 microcode 0x42c, cx8, cmov, fxsr, ht, mmx, 3dnowpref, sse, sse2, sse3, ssse3, sse4.1, sse4.2, popcnt, lzcnt, tsc, tscinvbit, avx, avx2, aes, erms, clmul, bmi1, bmi2, adx, sha, fma, vzeroupper, clflush, clflushopt, clwb, hv

Memory: 4k page, system-wide physical 16010M (635M free)
TotalPageFile size 40891M (AvailPageFile size 15M)
current process WorkingSet (physical memory assigned to process): 144M, peak: 144M
current process commit charge ("private bytes"): 382M, peak: 387M

vm_info: Java HotSpot(TM) 64-Bit Server VM (17.0.12+8-LTS-286) for windows-amd64 JRE (17.0.12+8-LTS-286), built on Jun  5 2024 06:46:59 by "mach5one" with MS VC++ 17.6 (VS2022)

END.
